I'm sorry, but errors were detected in your script. Please correct the
errors listed below, and try again.


File "game/script.rpy", line 276: expected statement.
    at right
            ^

Ren'Py Version: Ren'Py 8.3.4.24120703
Sat Feb 22 11:07:53 2025
